[33mÔØ»[39m Building...
[32mÔ£ö[39m Building...
Application bundle generation failed. [4.855 seconds] - 2026-03-15T11:32:43.236Z

node.exe : 
[1m[31m[31mX [41;31
m[[41;97mERROR[41;31m
][0m [1mCould not 
resolve "@angular/anima
tions/browser"[0m
At line:1 char:1
+ & "C:\Program 
Files\nodejs/node.exe" 
"C:\Program 
Files\nodejs/node_mo 
...
+ ~~~~~~~~~~~~~~~~~~~~~
~~~~~~~~~~~~~~~~~~~~~~~
~~~~~~~~~~~~~~~~~~~~~~~
~~
    + CategoryInfo     
         : NotSpecifi  
  ed: ([1m[31m[31   
 mX...ns/browser"[    
0m:String) [], Rem    
oteException
    + FullyQualifiedEr 
   rorId : NativeComm  
  andError
 

    node_modules/@angul
ar/platform-browser/fes
m2022/animations.mjs:10
:20:
[37m      10 Ôöé 
import * as i1 from [3
2m'@angular/animations/
browser'[37m;
         ÔòÁ           
          [32m~~~~~~~~
~~~~~~~~~~~~~~~~~~~~~[
0m

  You can mark the 
path "@angular/animatio
ns/browser" as 
external to exclude it 
from the bundle, which 
will remove this error 
and leave the 
unresolved path in the 
bundle.

[39m[22m
